data-action="ApproveLoanApplication"
data-action="CastLoanVote"
data-action="NavigateBack"
data-action="SetAttendance"
data-action="SetLoanFine"
data-action="SetLoanRepayment"
data-action="SetSavingsAmount"
data-action="ViewFullPreviousMeeting"
data-nav-to="meeting-calendar"
data-nav-to="meeting-summary"
data-nav-to="previous-meeting-review"
